// Jest Snapshot v1, https://jestjs.io/docs/snapshot-testing

exports[`Pruebas en <SearchPage /> debe de mostrarse con los valores por defecto 1`] = `
<div>
  <h1>
    Search
  </h1>
  <hr />
  <div
    class="row"
  >
    <div
      class="col-5"
    >
      <h4>
        Búsqueda
      </h4>
      <hr />
      <form
        aria-label="form"
      >
        <input
          autocomplete="off"
          class="form-control"
          name="searchText"
          placeholder="Busca un héroe"
          type="text"
          value=""
        />
        <button
          class="btn btn-dark mt-2"
        >
          Buscar
        </button>
      </form>
    </div>
    <div
      class="col-7"
    >
      <h4>
        Resultados
      </h4>
      <hr />
      <div
        aria-label="testItem"
        class="alert alert-dark animate__animated animate__fadeIn"
      >
        Buscar un héroe
      </div>
      <div
        aria-label="testItem2"
        class="alert alert-danger animate__animated animate__fadeIn"
        style="display: none;"
      >
        No hay resultados con 
        <b />
        ...
      </div>
    </div>
  </div>
</div>
`;
